solve window=100 episodes | thresholds={'CartPole': 475.0, 'Pendulum': -150.0}
n_envs=[4, 8, 16, 32, 64, 128, 256, 512, 1024, 2048, 4096, 8192] | base_budget=250000 (at n_envs=4) | budgets={4: 250000, 8: 500000, 16: 1000000, 32: 2000000, 64: 4000000, 128: 8000000, 256: 16000000, 512: 32000000, 1024: 64000000, 2048: 128000000, 4096: 256000000, 8192: 512000000}
  PPO CartPole n_envs=4 seed=0 (solve>=475.0, budget=250000, chunk=4096) ...
    → SOLVED steps=122880 elapsed_s=29.0 ep_rew=476.2 n_eps=100
  PPO CartPole n_envs=8 seed=0 (solve>=475.0, budget=500000, chunk=4096) ...
    → SOLVED steps=94208 elapsed_s=15.0 ep_rew=478.6 n_eps=100
  PPO CartPole n_envs=16 seed=0 (solve>=475.0, budget=1000000, chunk=8000) ...
    → SOLVED steps=90112 elapsed_s=10.6 ep_rew=486.3 n_eps=100
  PPO CartPole n_envs=32 seed=0 (solve>=475.0, budget=2000000, chunk=16000) ...
    → SOLVED steps=98304 elapsed_s=10.0 ep_rew=492.2 n_eps=100
  PPO CartPole n_envs=64 seed=0 (solve>=475.0, budget=4000000, chunk=32000) ...
    → SOLVED steps=98304 elapsed_s=8.9 ep_rew=500.0 n_eps=100
  PPO CartPole n_envs=128 seed=0 (solve>=475.0, budget=8000000, chunk=64000) ...
    → SOLVED steps=131072 elapsed_s=11.5 ep_rew=500.0 n_eps=100
  PPO CartPole n_envs=256 seed=0 (solve>=475.0, budget=16000000, chunk=128000) ...
    → SOLVED steps=262144 elapsed_s=22.2 ep_rew=500.0 n_eps=100
  PPO CartPole n_envs=512 seed=0 (solve>=475.0, budget=32000000, chunk=256000) ...
    → SOLVED steps=524288 elapsed_s=43.7 ep_rew=500.0 n_eps=100
  PPO CartPole n_envs=1024 seed=0 (solve>=475.0, budget=64000000, chunk=512000) ...
    → SOLVED steps=1032192 elapsed_s=86.0 ep_rew=500.0 n_eps=100
  PPO CartPole n_envs=2048 seed=0 (solve>=475.0, budget=128000000, chunk=1024000) ...
    → SOLVED steps=2048000 elapsed_s=170.2 ep_rew=500.0 n_eps=100
  PPO CartPole n_envs=4096 seed=0 (solve>=475.0, budget=256000000, chunk=2048000) ...
    → SOLVED steps=4096000 elapsed_s=338.9 ep_rew=500.0 n_eps=100
  PPO CartPole n_envs=8192 seed=0 (solve>=475.0, budget=512000000, chunk=4096000) ...
    → SOLVED steps=4096000 elapsed_s=338.3 ep_rew=500.0 n_eps=100
  SAC Pendulum n_envs=4 seed=0 (solve>=-150.0, budget=250000, chunk=4096) ...
    → FAIL steps=250000 elapsed_s=282.1 ep_rew=-2120.5 n_eps=100
  SAC Pendulum n_envs=8 seed=0 (solve>=-150.0, budget=500000, chunk=4096) ...
    → FAIL steps=500000 elapsed_s=209.7 ep_rew=-1767.6 n_eps=100
  SAC Pendulum n_envs=16 seed=0 (solve>=-150.0, budget=1000000, chunk=4096) ...
solve window=100 episodes | thresholds={'CartPole': 475.0, 'Pendulum': -150.0}
n_envs=[4, 8, 16, 32, 64, 128, 256, 512, 1024, 2048, 4096, 8192] | base_budget=250000 (at n_envs=4) | budgets={4: 250000, 8: 500000, 16: 1000000, 32: 2000000, 64: 4000000, 128: 8000000, 256: 16000000, 512: 32000000, 1024: 64000000, 2048: 128000000, 4096: 256000000, 8192: 512000000}
resume: skipping 12 completed runs from benchmarks/solving_results_raw.csv
  SAC Pendulum n_envs=4 seed=0 (solve>=-150.0, budget=250000, chunk=4096) ...
    → FAIL steps=126976 elapsed_s=470.1 ep_rew=-2089.9 n_eps=100
  SAC Pendulum n_envs=8 seed=0 (solve>=-150.0, budget=500000, chunk=4096) ...
    → FAIL steps=253952 elapsed_s=917.2 ep_rew=-1716.8 n_eps=100
  SAC Pendulum n_envs=16 seed=0 (solve>=-150.0, budget=1000000, chunk=4096) ...
/Users/nsursock/.pyenv/versions/3.12.13/lib/python3.12/multiprocessing/resource_tracker.py:279: UserWarning: resource_tracker: There appear to be 1 leaked semaphore objects to clean up at shutdown
  warnings.warn('resource_tracker: There appear to be %d '
solve window=100 episodes | thresholds={'CartPole': 475.0, 'Pendulum': -150.0}
n_envs=[4, 8, 16, 32, 64, 128, 256, 512, 1024, 2048, 4096, 8192] | base_budget=250000 (at n_envs=4) | budgets={4: 250000, 8: 500000, 16: 1000000, 32: 2000000, 64: 4000000, 128: 8000000, 256: 16000000, 512: 32000000, 1024: 64000000, 2048: 128000000, 4096: 256000000, 8192: 512000000}
resume: skipping 14 completed runs from benchmarks/solving_results_raw.csv
  SAC Pendulum n_envs=16 seed=0 (solve>=-150.0, budget=1000000, chunk=4096) ...
    → FAIL steps=253952 elapsed_s=69.6 ep_rew=-1960.1 n_eps=100
  SAC Pendulum n_envs=32 seed=0 (solve>=-150.0, budget=2000000, chunk=6400) ...
    → FAIL steps=505600 elapsed_s=72.3 ep_rew=-1955.8 n_eps=100
  SAC Pendulum n_envs=64 seed=0 (solve>=-150.0, budget=4000000, chunk=12800) ...
    → FAIL steps=1011200 elapsed_s=76.4 ep_rew=-6737.4 n_eps=100
  SAC Pendulum n_envs=128 seed=0 (solve>=-150.0, budget=8000000, chunk=25600) ...
    → FAIL steps=2022400 elapsed_s=75.0 ep_rew=-76945.0 n_eps=100
  SAC Pendulum n_envs=256 seed=0 (solve>=-150.0, budget=16000000, chunk=51200) ...
    → FAIL steps=4044800 elapsed_s=68.5 ep_rew=-66321.8 n_eps=100
  SAC Pendulum n_envs=512 seed=0 (solve>=-150.0, budget=32000000, chunk=102400) ...
    → FAIL steps=8089600 elapsed_s=79.8 ep_rew=-98162.9 n_eps=100
  SAC Pendulum n_envs=1024 seed=0 (solve>=-150.0, budget=64000000, chunk=204800) ...
    → FAIL steps=16179200 elapsed_s=84.2 ep_rew=-78847.4 n_eps=100
  SAC Pendulum n_envs=2048 seed=0 (solve>=-150.0, budget=128000000, chunk=409600) ...
    → FAIL steps=32358400 elapsed_s=89.6 ep_rew=-64833.7 n_eps=100
  SAC Pendulum n_envs=4096 seed=0 (solve>=-150.0, budget=256000000, chunk=819200) ...
    → FAIL steps=64716800 elapsed_s=104.5 ep_rew=-66481.3 n_eps=100
  SAC Pendulum n_envs=8192 seed=0 (solve>=-150.0, budget=512000000, chunk=1638400) ...
    → FAIL steps=129433600 elapsed_s=131.8 ep_rew=-2591.4 n_eps=100
  TD3 Pendulum n_envs=4 seed=0 (solve>=-150.0, budget=250000, chunk=4096) ...
    → FAIL steps=65536 elapsed_s=33.0 ep_rew=-137644.7 n_eps=100
  TD3 Pendulum n_envs=8 seed=0 (solve>=-150.0, budget=500000, chunk=4096) ...
    → FAIL steps=126976 elapsed_s=30.3 ep_rew=-123645.4 n_eps=100
  TD3 Pendulum n_envs=16 seed=0 (solve>=-150.0, budget=1000000, chunk=4096) ...
    → FAIL steps=253952 elapsed_s=31.2 ep_rew=-1911.8 n_eps=100
  TD3 Pendulum n_envs=32 seed=0 (solve>=-150.0, budget=2000000, chunk=6400) ...
    → FAIL steps=505600 elapsed_s=31.3 ep_rew=-145395.9 n_eps=100
  TD3 Pendulum n_envs=64 seed=0 (solve>=-150.0, budget=4000000, chunk=12800) ...
    → FAIL steps=1011200 elapsed_s=31.2 ep_rew=-136220.8 n_eps=100
  TD3 Pendulum n_envs=128 seed=0 (solve>=-150.0, budget=8000000, chunk=25600) ...
    → FAIL steps=2022400 elapsed_s=31.2 ep_rew=-122964.0 n_eps=100
  TD3 Pendulum n_envs=256 seed=0 (solve>=-150.0, budget=16000000, chunk=51200) ...
    → FAIL steps=4044800 elapsed_s=31.9 ep_rew=-115835.8 n_eps=100
  TD3 Pendulum n_envs=512 seed=0 (solve>=-150.0, budget=32000000, chunk=102400) ...
    → FAIL steps=8089600 elapsed_s=33.1 ep_rew=-181931.2 n_eps=100
  TD3 Pendulum n_envs=1024 seed=0 (solve>=-150.0, budget=64000000, chunk=204800) ...
    → FAIL steps=16179200 elapsed_s=35.8 ep_rew=-130187.0 n_eps=100
  TD3 Pendulum n_envs=2048 seed=0 (solve>=-150.0, budget=128000000, chunk=409600) ...
    → FAIL steps=32358400 elapsed_s=43.0 ep_rew=-140659.0 n_eps=100
  TD3 Pendulum n_envs=4096 seed=0 (solve>=-150.0, budget=256000000, chunk=819200) ...
    → FAIL steps=64716800 elapsed_s=91.5 ep_rew=-128035.6 n_eps=100
  TD3 Pendulum n_envs=8192 seed=0 (solve>=-150.0, budget=512000000, chunk=1638400) ...
    → FAIL steps=129433600 elapsed_s=118.7 ep_rew=-105305.0 n_eps=100

| algo   | env      |   n_envs |    budget |   solve_rate |       steps_mean |   steps_std |   elapsed_s_mean |   ep_rew_mean |
|--------|----------|----------|-----------|--------------|------------------|-------------|------------------|---------------|
| PPO    | CartPole |        4 |    250000 |            1 | 122880           |           0 |            29.01 |         476.2 |
| PPO    | CartPole |        8 |    500000 |            1 |  94208           |           0 |            15    |         478.6 |
| PPO    | CartPole |       16 |   1000000 |            1 |  90112           |           0 |            10.65 |         486.3 |
| PPO    | CartPole |       32 |   2000000 |            1 |  98304           |           0 |             9.96 |         492.2 |
| PPO    | CartPole |       64 |   4000000 |            1 |  98304           |           0 |             8.89 |         500   |
| PPO    | CartPole |      128 |   8000000 |            1 | 131072           |           0 |            11.46 |         500   |
| PPO    | CartPole |      256 |  16000000 |            1 | 262144           |           0 |            22.19 |         500   |
| PPO    | CartPole |      512 |  32000000 |            1 | 524288           |           0 |            43.66 |         500   |
| PPO    | CartPole |     1024 |  64000000 |            1 |      1.03219e+06 |           0 |            86.04 |         500   |
| PPO    | CartPole |     2048 | 128000000 |            1 |      2.048e+06   |           0 |           170.19 |         500   |
| PPO    | CartPole |     4096 | 256000000 |            1 |      4.096e+06   |           0 |           338.87 |         500   |
| PPO    | CartPole |     8192 | 512000000 |            1 |      4.096e+06   |           0 |           338.33 |         500   |
| SAC    | Pendulum |        4 |    250000 |            0 |                  |             |                  |       -2089.8 |
| SAC    | Pendulum |        8 |    500000 |            0 |                  |             |                  |       -1716.8 |
| SAC    | Pendulum |       16 |   1000000 |            0 |                  |             |                  |       -1960.1 |
| SAC    | Pendulum |       32 |   2000000 |            0 |                  |             |                  |       -1955.8 |
| SAC    | Pendulum |       64 |   4000000 |            0 |                  |             |                  |       -6737.4 |
| SAC    | Pendulum |      128 |   8000000 |            0 |                  |             |                  |      -76945   |
| SAC    | Pendulum |      256 |  16000000 |            0 |                  |             |                  |      -66321.9 |
| SAC    | Pendulum |      512 |  32000000 |            0 |                  |             |                  |      -98162.9 |
| SAC    | Pendulum |     1024 |  64000000 |            0 |                  |             |                  |      -78847.4 |
| SAC    | Pendulum |     2048 | 128000000 |            0 |                  |             |                  |      -64833.7 |
| SAC    | Pendulum |     4096 | 256000000 |            0 |                  |             |                  |      -66481.2 |
| SAC    | Pendulum |     8192 | 512000000 |            0 |                  |             |                  |       -2591.3 |
| TD3    | Pendulum |        4 |    250000 |            0 |                  |             |                  |     -137645   |
| TD3    | Pendulum |        8 |    500000 |            0 |                  |             |                  |     -123645   |
| TD3    | Pendulum |       16 |   1000000 |            0 |                  |             |                  |       -1911.8 |
| TD3    | Pendulum |       32 |   2000000 |            0 |                  |             |                  |     -145396   |
| TD3    | Pendulum |       64 |   4000000 |            0 |                  |             |                  |     -136221   |
| TD3    | Pendulum |      128 |   8000000 |            0 |                  |             |                  |     -122964   |
| TD3    | Pendulum |      256 |  16000000 |            0 |                  |             |                  |     -115836   |
| TD3    | Pendulum |      512 |  32000000 |            0 |                  |             |                  |     -181931   |
| TD3    | Pendulum |     1024 |  64000000 |            0 |                  |             |                  |     -130187   |
| TD3    | Pendulum |     2048 | 128000000 |            0 |                  |             |                  |     -140659   |
| TD3    | Pendulum |     4096 | 256000000 |            0 |                  |             |                  |     -128036   |
| TD3    | Pendulum |     8192 | 512000000 |            0 |                  |             |                  |     -105305   |

wrote benchmarks/solving_results.csv
wrote benchmarks/solving_results_raw.csv
