solve window=100 episodes | thresholds={'CartPole': 475.0, 'Pendulum': -150.0} | max_steps=250000 chunk=4096
  PPO CartPole n_envs=1 seed=0 (solve>=475.0, max_steps=250000) ...
    → SOLVED steps=118784 elapsed_s=84.5 ep_rew=475.1 n_eps=100
  PPO CartPole n_envs=2 seed=0 (solve>=475.0, max_steps=250000) ...
    → SOLVED steps=106496 elapsed_s=44.6 ep_rew=478.2 n_eps=100
  PPO CartPole n_envs=4 seed=0 (solve>=475.0, max_steps=250000) ...
    → SOLVED steps=122880 elapsed_s=30.9 ep_rew=476.2 n_eps=100
  PPO CartPole n_envs=8 seed=0 (solve>=475.0, max_steps=250000) ...
    → SOLVED steps=94208 elapsed_s=16.1 ep_rew=478.6 n_eps=100
  PPO CartPole n_envs=16 seed=0 (solve>=475.0, max_steps=250000) ...
    → FAIL steps=251904 elapsed_s=33.9 ep_rew=129.7 n_eps=100
  PPO CartPole n_envs=32 seed=0 (solve>=475.0, max_steps=250000) ...
    → FAIL steps=251904 elapsed_s=27.4 ep_rew=71.5 n_eps=100
  PPO CartPole n_envs=64 seed=0 (solve>=475.0, max_steps=250000) ...
    → FAIL steps=251904 elapsed_s=24.8 ep_rew=38.5 n_eps=100
  PPO CartPole n_envs=128 seed=0 (solve>=475.0, max_steps=250000) ...
    → FAIL steps=251904 elapsed_s=23.3 ep_rew=26.4 n_eps=100
  PPO CartPole n_envs=256 seed=0 (solve>=475.0, max_steps=250000) ...
    → FAIL steps=251904 elapsed_s=23.0 ep_rew=14.3 n_eps=100
  PPO CartPole n_envs=512 seed=0 (solve>=475.0, max_steps=250000) ...
    → FAIL steps=251904 elapsed_s=23.0 ep_rew=8.0 n_eps=100
  PPO CartPole n_envs=1024 seed=0 (solve>=475.0, max_steps=250000) ...
    → FAIL steps=251904 elapsed_s=22.5 ep_rew=nan n_eps=0
  PPO CartPole n_envs=2048 seed=0 (solve>=475.0, max_steps=250000) ...
    → FAIL steps=251904 elapsed_s=22.5 ep_rew=nan n_eps=0
Traceback (most recent call last):
  File "/Users/nsursock/Projects/Dirty Trading Bot Natured Project/Dirty Bot Natured ML/benchmarks/benchmark_solving.py", line 380, in <module>
    main()
  File "/Users/nsursock/Projects/Dirty Trading Bot Natured Project/Dirty Bot Natured ML/benchmarks/benchmark_solving.py", line 368, in main
    run_sweep(
  File "/Users/nsursock/Projects/Dirty Trading Bot Natured Project/Dirty Bot Natured ML/benchmarks/benchmark_solving.py", line 322, in run_sweep
    agg_rows = _aggregate(raw_rows, seeds=seeds)
               ^^^^^^^^^^^^^^^^^^^^^^^^^^^^^^^^^
  File "/Users/nsursock/Projects/Dirty Trading Bot Natured Project/Dirty Bot Natured ML/benchmarks/benchmark_solving.py", line 207, in _aggregate
    rews = [float(r["ep_rew_mean"]) for r in rows if np.isfinite(r["ep_rew_mean"])]
                                                     ^^^^^^^^^^^^^^^^^^^^^^^^^^^^^
TypeError: ufunc 'isfinite' not supported for the input types, and the inputs could not be safely coerced to any supported types according to the casting rule ''safe''
